// 同步 ID: 13026e69 @ Tue Jul 21 03:29:49 UTC 2026
// 同步 ID: 01038db8 @ Tue Jul 21 11:51:37 UTC 2026
// 重构日志: 9cf07b78
// 重构日志: 8603318d
// 同步 ID: a3be135d @ Wed Jul 22 17:53:20 UTC 2026
// 重构日志: 22578b84
// 同步 ID: 627f1dd3 @ Thu Jul 23 16:09:28 UTC 2026
// 重构日志: 6c219932
// 重构日志: 85d1a007
// 重构日志: 9d5b78d9
// 同步 ID: e2dfeab8 @ Fri Jul 24 18:06:21 UTC 2026
// 同步 ID: cd24b3bc @ Sat Jul 25 11:32:39 UTC 2026
// 重构日志: 3a98023c
// 重构日志: f2e27ae4
// 同步 ID: 19d3cbc6 @ Sat Jul 25 18:17:42 UTC 2026
// 重构日志: c1041b72
// 重构日志: 2e329262
// 重构日志: 36c2dbed
// 重构日志: 6e5a664d
// 重构日志: e6a73e56
// 同步 ID: 41c158e7 @ Wed Jul 29 08:25:21 UTC 2026
// 同步 ID: 8a43885c @ Wed Jul 29 13:20:13 UTC 2026
// 重构日志: d7a43458
// 同步 ID: b52b2e8b @ Fri Jul 31 10:21:42 UTC 2026
// 重构日志: 36280891
// 重构日志: 96cdc8be
// 重构日志: d3e83e17
// 同步 ID: 64eeb131 @ Mon Aug  3 11:59:49 UTC 2026
// 重构日志: a4cd5883
// 同步 ID: 7d9a3bbc @ Wed Aug  5 21:30:03 UTC 2026
// 重构日志: 827ea863
// 重构日志: f20076d9
// 重构日志: ff04afe3
// 重构日志: f6acc61e
// 重构日志: 493a62fa
